
Information: Checking generated_clocks...

Information: Checking loops...

Information: Checking no_input_delay...

Information: Checking unconstrained_endpoints...

Warning: The following end-points are not constrained for maximum delay.

End point
---------------
u_e203_soc_top/u_e203_subsys_top/u_e203_subsys_main/u_e203_subsys_perips/u_perips_apb_uart0/fifo_tx_data_reg_0_/D
u_e203_soc_top/u_e203_subsys_top/u_e203_subsys_main/u_e203_subsys_perips/u_perips_apb_uart0/fifo_tx_data_reg_1_/D
u_e203_soc_top/u_e203_subsys_top/u_e203_subsys_main/u_e203_subsys_perips/u_perips_apb_uart0/fifo_tx_data_reg_2_/D
u_e203_soc_top/u_e203_subsys_top/u_e203_subsys_main/u_e203_subsys_perips/u_perips_apb_uart0/fifo_tx_data_reg_3_/D
u_e203_soc_top/u_e203_subsys_top/u_e203_subsys_main/u_e203_subsys_perips/u_perips_apb_uart0/fifo_tx_data_reg_4_/D
u_e203_soc_top/u_e203_subsys_top/u_e203_subsys_main/u_e203_subsys_perips/u_perips_apb_uart0/fifo_tx_data_reg_5_/D
u_e203_soc_top/u_e203_subsys_top/u_e203_subsys_main/u_e203_subsys_perips/u_perips_apb_uart0/fifo_tx_data_reg_6_/D
u_e203_soc_top/u_e203_subsys_top/u_e203_subsys_main/u_e203_subsys_perips/u_perips_apb_uart0/fifo_tx_data_reg_7_/D
u_e203_soc_top/u_e203_subsys_top/u_e203_subsys_main/u_e203_subsys_perips/u_perips_apb_uart0/uart_tx_fifo_i/buffer_reg_0__0_/D
u_e203_soc_top/u_e203_subsys_top/u_e203_subsys_main/u_e203_subsys_perips/u_perips_apb_uart0/uart_tx_fifo_i/buffer_reg_0__1_/D
u_e203_soc_top/u_e203_subsys_top/u_e203_subsys_main/u_e203_subsys_perips/u_perips_apb_uart0/uart_tx_fifo_i/buffer_reg_0__2_/D
u_e203_soc_top/u_e203_subsys_top/u_e203_subsys_main/u_e203_subsys_perips/u_perips_apb_uart0/uart_tx_fifo_i/buffer_reg_0__3_/D
u_e203_soc_top/u_e203_subsys_top/u_e203_subsys_main/u_e203_subsys_perips/u_perips_apb_uart0/uart_tx_fifo_i/buffer_reg_0__4_/D
u_e203_soc_top/u_e203_subsys_top/u_e203_subsys_main/u_e203_subsys_perips/u_perips_apb_uart0/uart_tx_fifo_i/buffer_reg_0__5_/D
u_e203_soc_top/u_e203_subsys_top/u_e203_subsys_main/u_e203_subsys_perips/u_perips_apb_uart0/uart_tx_fifo_i/buffer_reg_0__6_/D
u_e203_soc_top/u_e203_subsys_top/u_e203_subsys_main/u_e203_subsys_perips/u_perips_apb_uart0/uart_tx_fifo_i/buffer_reg_0__7_/D
u_e203_soc_top/u_e203_subsys_top/u_e203_subsys_main/u_e203_subsys_perips/u_perips_apb_uart0/uart_tx_fifo_i/buffer_reg_1__0_/D
u_e203_soc_top/u_e203_subsys_top/u_e203_subsys_main/u_e203_subsys_perips/u_perips_apb_uart0/uart_tx_fifo_i/buffer_reg_1__1_/D
u_e203_soc_top/u_e203_subsys_top/u_e203_subsys_main/u_e203_subsys_perips/u_perips_apb_uart0/uart_tx_fifo_i/buffer_reg_1__2_/D
u_e203_soc_top/u_e203_subsys_top/u_e203_subsys_main/u_e203_subsys_perips/u_perips_apb_uart0/uart_tx_fifo_i/buffer_reg_1__3_/D
u_e203_soc_top/u_e203_subsys_top/u_e203_subsys_main/u_e203_subsys_perips/u_perips_apb_uart0/uart_tx_fifo_i/buffer_reg_1__4_/D
u_e203_soc_top/u_e203_subsys_top/u_e203_subsys_main/u_e203_subsys_perips/u_perips_apb_uart0/uart_tx_fifo_i/buffer_reg_1__5_/D
u_e203_soc_top/u_e203_subsys_top/u_e203_subsys_main/u_e203_subsys_perips/u_perips_apb_uart0/uart_tx_fifo_i/buffer_reg_1__6_/D
u_e203_soc_top/u_e203_subsys_top/u_e203_subsys_main/u_e203_subsys_perips/u_perips_apb_uart0/uart_tx_fifo_i/buffer_reg_1__7_/D
u_e203_soc_top/u_e203_subsys_top/u_e203_subsys_main/u_e203_subsys_perips/u_perips_apb_uart0/uart_tx_fifo_i/buffer_reg_2__0_/D
u_e203_soc_top/u_e203_subsys_top/u_e203_subsys_main/u_e203_subsys_perips/u_perips_apb_uart0/uart_tx_fifo_i/buffer_reg_2__1_/D
u_e203_soc_top/u_e203_subsys_top/u_e203_subsys_main/u_e203_subsys_perips/u_perips_apb_uart0/uart_tx_fifo_i/buffer_reg_2__2_/D
u_e203_soc_top/u_e203_subsys_top/u_e203_subsys_main/u_e203_subsys_perips/u_perips_apb_uart0/uart_tx_fifo_i/buffer_reg_2__3_/D
u_e203_soc_top/u_e203_subsys_top/u_e203_subsys_main/u_e203_subsys_perips/u_perips_apb_uart0/uart_tx_fifo_i/buffer_reg_2__4_/D
u_e203_soc_top/u_e203_subsys_top/u_e203_subsys_main/u_e203_subsys_perips/u_perips_apb_uart0/uart_tx_fifo_i/buffer_reg_2__5_/D
u_e203_soc_top/u_e203_subsys_top/u_e203_subsys_main/u_e203_subsys_perips/u_perips_apb_uart0/uart_tx_fifo_i/buffer_reg_2__6_/D
u_e203_soc_top/u_e203_subsys_top/u_e203_subsys_main/u_e203_subsys_perips/u_perips_apb_uart0/uart_tx_fifo_i/buffer_reg_2__7_/D
u_e203_soc_top/u_e203_subsys_top/u_e203_subsys_main/u_e203_subsys_perips/u_perips_apb_uart0/uart_tx_fifo_i/buffer_reg_3__0_/D
u_e203_soc_top/u_e203_subsys_top/u_e203_subsys_main/u_e203_subsys_perips/u_perips_apb_uart0/uart_tx_fifo_i/buffer_reg_3__1_/D
u_e203_soc_top/u_e203_subsys_top/u_e203_subsys_main/u_e203_subsys_perips/u_perips_apb_uart0/uart_tx_fifo_i/buffer_reg_3__2_/D
u_e203_soc_top/u_e203_subsys_top/u_e203_subsys_main/u_e203_subsys_perips/u_perips_apb_uart0/uart_tx_fifo_i/buffer_reg_3__3_/D
u_e203_soc_top/u_e203_subsys_top/u_e203_subsys_main/u_e203_subsys_perips/u_perips_apb_uart0/uart_tx_fifo_i/buffer_reg_3__4_/D
u_e203_soc_top/u_e203_subsys_top/u_e203_subsys_main/u_e203_subsys_perips/u_perips_apb_uart0/uart_tx_fifo_i/buffer_reg_3__5_/D
u_e203_soc_top/u_e203_subsys_top/u_e203_subsys_main/u_e203_subsys_perips/u_perips_apb_uart0/uart_tx_fifo_i/buffer_reg_3__6_/D
u_e203_soc_top/u_e203_subsys_top/u_e203_subsys_main/u_e203_subsys_perips/u_perips_apb_uart0/uart_tx_fifo_i/buffer_reg_3__7_/D
u_e203_soc_top/u_e203_subsys_top/u_e203_subsys_main/u_e203_subsys_perips/u_perips_apb_uart0/uart_tx_fifo_i/buffer_reg_4__0_/D
u_e203_soc_top/u_e203_subsys_top/u_e203_subsys_main/u_e203_subsys_perips/u_perips_apb_uart0/uart_tx_fifo_i/buffer_reg_4__1_/D
u_e203_soc_top/u_e203_subsys_top/u_e203_subsys_main/u_e203_subsys_perips/u_perips_apb_uart0/uart_tx_fifo_i/buffer_reg_4__2_/D
u_e203_soc_top/u_e203_subsys_top/u_e203_subsys_main/u_e203_subsys_perips/u_perips_apb_uart0/uart_tx_fifo_i/buffer_reg_4__3_/D
u_e203_soc_top/u_e203_subsys_top/u_e203_subsys_main/u_e203_subsys_perips/u_perips_apb_uart0/uart_tx_fifo_i/buffer_reg_4__4_/D
u_e203_soc_top/u_e203_subsys_top/u_e203_subsys_main/u_e203_subsys_perips/u_perips_apb_uart0/uart_tx_fifo_i/buffer_reg_4__5_/D
u_e203_soc_top/u_e203_subsys_top/u_e203_subsys_main/u_e203_subsys_perips/u_perips_apb_uart0/uart_tx_fifo_i/buffer_reg_4__6_/D
u_e203_soc_top/u_e203_subsys_top/u_e203_subsys_main/u_e203_subsys_perips/u_perips_apb_uart0/uart_tx_fifo_i/buffer_reg_4__7_/D
u_e203_soc_top/u_e203_subsys_top/u_e203_subsys_main/u_e203_subsys_perips/u_perips_apb_uart0/uart_tx_fifo_i/buffer_reg_5__0_/D
u_e203_soc_top/u_e203_subsys_top/u_e203_subsys_main/u_e203_subsys_perips/u_perips_apb_uart0/uart_tx_fifo_i/buffer_reg_5__1_/D
u_e203_soc_top/u_e203_subsys_top/u_e203_subsys_main/u_e203_subsys_perips/u_perips_apb_uart0/uart_tx_fifo_i/buffer_reg_5__2_/D
u_e203_soc_top/u_e203_subsys_top/u_e203_subsys_main/u_e203_subsys_perips/u_perips_apb_uart0/uart_tx_fifo_i/buffer_reg_5__3_/D
u_e203_soc_top/u_e203_subsys_top/u_e203_subsys_main/u_e203_subsys_perips/u_perips_apb_uart0/uart_tx_fifo_i/buffer_reg_5__4_/D
u_e203_soc_top/u_e203_subsys_top/u_e203_subsys_main/u_e203_subsys_perips/u_perips_apb_uart0/uart_tx_fifo_i/buffer_reg_5__5_/D
u_e203_soc_top/u_e203_subsys_top/u_e203_subsys_main/u_e203_subsys_perips/u_perips_apb_uart0/uart_tx_fifo_i/buffer_reg_5__6_/D
u_e203_soc_top/u_e203_subsys_top/u_e203_subsys_main/u_e203_subsys_perips/u_perips_apb_uart0/uart_tx_fifo_i/buffer_reg_5__7_/D
u_e203_soc_top/u_e203_subsys_top/u_e203_subsys_main/u_e203_subsys_perips/u_perips_apb_uart0/uart_tx_fifo_i/buffer_reg_6__0_/D
u_e203_soc_top/u_e203_subsys_top/u_e203_subsys_main/u_e203_subsys_perips/u_perips_apb_uart0/uart_tx_fifo_i/buffer_reg_6__1_/D
u_e203_soc_top/u_e203_subsys_top/u_e203_subsys_main/u_e203_subsys_perips/u_perips_apb_uart0/uart_tx_fifo_i/buffer_reg_6__2_/D
u_e203_soc_top/u_e203_subsys_top/u_e203_subsys_main/u_e203_subsys_perips/u_perips_apb_uart0/uart_tx_fifo_i/buffer_reg_6__3_/D
u_e203_soc_top/u_e203_subsys_top/u_e203_subsys_main/u_e203_subsys_perips/u_perips_apb_uart0/uart_tx_fifo_i/buffer_reg_6__4_/D
u_e203_soc_top/u_e203_subsys_top/u_e203_subsys_main/u_e203_subsys_perips/u_perips_apb_uart0/uart_tx_fifo_i/buffer_reg_6__5_/D
u_e203_soc_top/u_e203_subsys_top/u_e203_subsys_main/u_e203_subsys_perips/u_perips_apb_uart0/uart_tx_fifo_i/buffer_reg_6__6_/D
u_e203_soc_top/u_e203_subsys_top/u_e203_subsys_main/u_e203_subsys_perips/u_perips_apb_uart0/uart_tx_fifo_i/buffer_reg_6__7_/D
u_e203_soc_top/u_e203_subsys_top/u_e203_subsys_main/u_e203_subsys_perips/u_perips_apb_uart0/uart_tx_fifo_i/buffer_reg_7__0_/D
u_e203_soc_top/u_e203_subsys_top/u_e203_subsys_main/u_e203_subsys_perips/u_perips_apb_uart0/uart_tx_fifo_i/buffer_reg_7__1_/D
u_e203_soc_top/u_e203_subsys_top/u_e203_subsys_main/u_e203_subsys_perips/u_perips_apb_uart0/uart_tx_fifo_i/buffer_reg_7__2_/D
u_e203_soc_top/u_e203_subsys_top/u_e203_subsys_main/u_e203_subsys_perips/u_perips_apb_uart0/uart_tx_fifo_i/buffer_reg_7__3_/D
u_e203_soc_top/u_e203_subsys_top/u_e203_subsys_main/u_e203_subsys_perips/u_perips_apb_uart0/uart_tx_fifo_i/buffer_reg_7__4_/D
u_e203_soc_top/u_e203_subsys_top/u_e203_subsys_main/u_e203_subsys_perips/u_perips_apb_uart0/uart_tx_fifo_i/buffer_reg_7__5_/D
u_e203_soc_top/u_e203_subsys_top/u_e203_subsys_main/u_e203_subsys_perips/u_perips_apb_uart0/uart_tx_fifo_i/buffer_reg_7__6_/D
u_e203_soc_top/u_e203_subsys_top/u_e203_subsys_main/u_e203_subsys_perips/u_perips_apb_uart0/uart_tx_fifo_i/buffer_reg_7__7_/D
u_e203_soc_top/u_e203_subsys_top/u_e203_subsys_main/u_e203_subsys_perips/u_perips_apb_uart0/uart_tx_fifo_i/buffer_reg_8__0_/D
u_e203_soc_top/u_e203_subsys_top/u_e203_subsys_main/u_e203_subsys_perips/u_perips_apb_uart0/uart_tx_fifo_i/buffer_reg_8__1_/D
u_e203_soc_top/u_e203_subsys_top/u_e203_subsys_main/u_e203_subsys_perips/u_perips_apb_uart0/uart_tx_fifo_i/buffer_reg_8__2_/D
u_e203_soc_top/u_e203_subsys_top/u_e203_subsys_main/u_e203_subsys_perips/u_perips_apb_uart0/uart_tx_fifo_i/buffer_reg_8__3_/D
u_e203_soc_top/u_e203_subsys_top/u_e203_subsys_main/u_e203_subsys_perips/u_perips_apb_uart0/uart_tx_fifo_i/buffer_reg_8__4_/D
u_e203_soc_top/u_e203_subsys_top/u_e203_subsys_main/u_e203_subsys_perips/u_perips_apb_uart0/uart_tx_fifo_i/buffer_reg_8__5_/D
u_e203_soc_top/u_e203_subsys_top/u_e203_subsys_main/u_e203_subsys_perips/u_perips_apb_uart0/uart_tx_fifo_i/buffer_reg_8__6_/D
u_e203_soc_top/u_e203_subsys_top/u_e203_subsys_main/u_e203_subsys_perips/u_perips_apb_uart0/uart_tx_fifo_i/buffer_reg_8__7_/D
u_e203_soc_top/u_e203_subsys_top/u_e203_subsys_main/u_e203_subsys_perips/u_perips_apb_uart0/uart_tx_fifo_i/buffer_reg_9__0_/D
u_e203_soc_top/u_e203_subsys_top/u_e203_subsys_main/u_e203_subsys_perips/u_perips_apb_uart0/uart_tx_fifo_i/buffer_reg_9__1_/D
u_e203_soc_top/u_e203_subsys_top/u_e203_subsys_main/u_e203_subsys_perips/u_perips_apb_uart0/uart_tx_fifo_i/buffer_reg_9__2_/D
u_e203_soc_top/u_e203_subsys_top/u_e203_subsys_main/u_e203_subsys_perips/u_perips_apb_uart0/uart_tx_fifo_i/buffer_reg_9__3_/D
u_e203_soc_top/u_e203_subsys_top/u_e203_subsys_main/u_e203_subsys_perips/u_perips_apb_uart0/uart_tx_fifo_i/buffer_reg_9__4_/D
u_e203_soc_top/u_e203_subsys_top/u_e203_subsys_main/u_e203_subsys_perips/u_perips_apb_uart0/uart_tx_fifo_i/buffer_reg_9__5_/D
u_e203_soc_top/u_e203_subsys_top/u_e203_subsys_main/u_e203_subsys_perips/u_perips_apb_uart0/uart_tx_fifo_i/buffer_reg_9__6_/D
u_e203_soc_top/u_e203_subsys_top/u_e203_subsys_main/u_e203_subsys_perips/u_perips_apb_uart0/uart_tx_fifo_i/buffer_reg_9__7_/D
u_e203_soc_top/u_e203_subsys_top/u_e203_subsys_main/u_e203_subsys_perips/u_perips_apb_uart0/uart_tx_fifo_i/buffer_reg_10__0_/D
u_e203_soc_top/u_e203_subsys_top/u_e203_subsys_main/u_e203_subsys_perips/u_perips_apb_uart0/uart_tx_fifo_i/buffer_reg_10__1_/D
u_e203_soc_top/u_e203_subsys_top/u_e203_subsys_main/u_e203_subsys_perips/u_perips_apb_uart0/uart_tx_fifo_i/buffer_reg_10__2_/D
u_e203_soc_top/u_e203_subsys_top/u_e203_subsys_main/u_e203_subsys_perips/u_perips_apb_uart0/uart_tx_fifo_i/buffer_reg_10__3_/D
u_e203_soc_top/u_e203_subsys_top/u_e203_subsys_main/u_e203_subsys_perips/u_perips_apb_uart0/uart_tx_fifo_i/buffer_reg_10__4_/D
u_e203_soc_top/u_e203_subsys_top/u_e203_subsys_main/u_e203_subsys_perips/u_perips_apb_uart0/uart_tx_fifo_i/buffer_reg_10__5_/D
u_e203_soc_top/u_e203_subsys_top/u_e203_subsys_main/u_e203_subsys_perips/u_perips_apb_uart0/uart_tx_fifo_i/buffer_reg_10__6_/D
u_e203_soc_top/u_e203_subsys_top/u_e203_subsys_main/u_e203_subsys_perips/u_perips_apb_uart0/uart_tx_fifo_i/buffer_reg_10__7_/D
u_e203_soc_top/u_e203_subsys_top/u_e203_subsys_main/u_e203_subsys_perips/u_perips_apb_uart0/uart_tx_fifo_i/buffer_reg_11__0_/D
u_e203_soc_top/u_e203_subsys_top/u_e203_subsys_main/u_e203_subsys_perips/u_perips_apb_uart0/uart_tx_fifo_i/buffer_reg_11__1_/D
u_e203_soc_top/u_e203_subsys_top/u_e203_subsys_main/u_e203_subsys_perips/u_perips_apb_uart0/uart_tx_fifo_i/buffer_reg_11__2_/D
u_e203_soc_top/u_e203_subsys_top/u_e203_subsys_main/u_e203_subsys_perips/u_perips_apb_uart0/uart_tx_fifo_i/buffer_reg_11__3_/D
u_e203_soc_top/u_e203_subsys_top/u_e203_subsys_main/u_e203_subsys_perips/u_perips_apb_uart0/uart_tx_fifo_i/buffer_reg_11__4_/D
u_e203_soc_top/u_e203_subsys_top/u_e203_subsys_main/u_e203_subsys_perips/u_perips_apb_uart0/uart_tx_fifo_i/buffer_reg_11__5_/D
u_e203_soc_top/u_e203_subsys_top/u_e203_subsys_main/u_e203_subsys_perips/u_perips_apb_uart0/uart_tx_fifo_i/buffer_reg_11__6_/D
u_e203_soc_top/u_e203_subsys_top/u_e203_subsys_main/u_e203_subsys_perips/u_perips_apb_uart0/uart_tx_fifo_i/buffer_reg_11__7_/D
u_e203_soc_top/u_e203_subsys_top/u_e203_subsys_main/u_e203_subsys_perips/u_perips_apb_uart0/uart_tx_fifo_i/buffer_reg_12__0_/D
u_e203_soc_top/u_e203_subsys_top/u_e203_subsys_main/u_e203_subsys_perips/u_perips_apb_uart0/uart_tx_fifo_i/buffer_reg_12__1_/D
u_e203_soc_top/u_e203_subsys_top/u_e203_subsys_main/u_e203_subsys_perips/u_perips_apb_uart0/uart_tx_fifo_i/buffer_reg_12__2_/D
u_e203_soc_top/u_e203_subsys_top/u_e203_subsys_main/u_e203_subsys_perips/u_perips_apb_uart0/uart_tx_fifo_i/buffer_reg_12__3_/D
u_e203_soc_top/u_e203_subsys_top/u_e203_subsys_main/u_e203_subsys_perips/u_perips_apb_uart0/uart_tx_fifo_i/buffer_reg_12__4_/D
u_e203_soc_top/u_e203_subsys_top/u_e203_subsys_main/u_e203_subsys_perips/u_perips_apb_uart0/uart_tx_fifo_i/buffer_reg_12__5_/D
u_e203_soc_top/u_e203_subsys_top/u_e203_subsys_main/u_e203_subsys_perips/u_perips_apb_uart0/uart_tx_fifo_i/buffer_reg_12__6_/D
u_e203_soc_top/u_e203_subsys_top/u_e203_subsys_main/u_e203_subsys_perips/u_perips_apb_uart0/uart_tx_fifo_i/buffer_reg_12__7_/D
u_e203_soc_top/u_e203_subsys_top/u_e203_subsys_main/u_e203_subsys_perips/u_perips_apb_uart0/uart_tx_fifo_i/buffer_reg_13__0_/D
u_e203_soc_top/u_e203_subsys_top/u_e203_subsys_main/u_e203_subsys_perips/u_perips_apb_uart0/uart_tx_fifo_i/buffer_reg_13__1_/D
u_e203_soc_top/u_e203_subsys_top/u_e203_subsys_main/u_e203_subsys_perips/u_perips_apb_uart0/uart_tx_fifo_i/buffer_reg_13__2_/D
u_e203_soc_top/u_e203_subsys_top/u_e203_subsys_main/u_e203_subsys_perips/u_perips_apb_uart0/uart_tx_fifo_i/buffer_reg_13__3_/D
u_e203_soc_top/u_e203_subsys_top/u_e203_subsys_main/u_e203_subsys_perips/u_perips_apb_uart0/uart_tx_fifo_i/buffer_reg_13__4_/D
u_e203_soc_top/u_e203_subsys_top/u_e203_subsys_main/u_e203_subsys_perips/u_perips_apb_uart0/uart_tx_fifo_i/buffer_reg_13__5_/D
u_e203_soc_top/u_e203_subsys_top/u_e203_subsys_main/u_e203_subsys_perips/u_perips_apb_uart0/uart_tx_fifo_i/buffer_reg_13__6_/D
u_e203_soc_top/u_e203_subsys_top/u_e203_subsys_main/u_e203_subsys_perips/u_perips_apb_uart0/uart_tx_fifo_i/buffer_reg_13__7_/D
u_e203_soc_top/u_e203_subsys_top/u_e203_subsys_main/u_e203_subsys_perips/u_perips_apb_uart0/uart_tx_fifo_i/buffer_reg_14__0_/D
u_e203_soc_top/u_e203_subsys_top/u_e203_subsys_main/u_e203_subsys_perips/u_perips_apb_uart0/uart_tx_fifo_i/buffer_reg_14__1_/D
u_e203_soc_top/u_e203_subsys_top/u_e203_subsys_main/u_e203_subsys_perips/u_perips_apb_uart0/uart_tx_fifo_i/buffer_reg_14__2_/D
u_e203_soc_top/u_e203_subsys_top/u_e203_subsys_main/u_e203_subsys_perips/u_perips_apb_uart0/uart_tx_fifo_i/buffer_reg_14__3_/D
u_e203_soc_top/u_e203_subsys_top/u_e203_subsys_main/u_e203_subsys_perips/u_perips_apb_uart0/uart_tx_fifo_i/buffer_reg_14__4_/D
u_e203_soc_top/u_e203_subsys_top/u_e203_subsys_main/u_e203_subsys_perips/u_perips_apb_uart0/uart_tx_fifo_i/buffer_reg_14__5_/D
u_e203_soc_top/u_e203_subsys_top/u_e203_subsys_main/u_e203_subsys_perips/u_perips_apb_uart0/uart_tx_fifo_i/buffer_reg_14__6_/D
u_e203_soc_top/u_e203_subsys_top/u_e203_subsys_main/u_e203_subsys_perips/u_perips_apb_uart0/uart_tx_fifo_i/buffer_reg_14__7_/D
u_e203_soc_top/u_e203_subsys_top/u_e203_subsys_main/u_e203_subsys_perips/u_perips_apb_uart0/uart_tx_fifo_i/buffer_reg_15__0_/D
u_e203_soc_top/u_e203_subsys_top/u_e203_subsys_main/u_e203_subsys_perips/u_perips_apb_uart0/uart_tx_fifo_i/buffer_reg_15__1_/D
u_e203_soc_top/u_e203_subsys_top/u_e203_subsys_main/u_e203_subsys_perips/u_perips_apb_uart0/uart_tx_fifo_i/buffer_reg_15__2_/D
u_e203_soc_top/u_e203_subsys_top/u_e203_subsys_main/u_e203_subsys_perips/u_perips_apb_uart0/uart_tx_fifo_i/buffer_reg_15__3_/D
u_e203_soc_top/u_e203_subsys_top/u_e203_subsys_main/u_e203_subsys_perips/u_perips_apb_uart0/uart_tx_fifo_i/buffer_reg_15__4_/D
u_e203_soc_top/u_e203_subsys_top/u_e203_subsys_main/u_e203_subsys_perips/u_perips_apb_uart0/uart_tx_fifo_i/buffer_reg_15__5_/D
u_e203_soc_top/u_e203_subsys_top/u_e203_subsys_main/u_e203_subsys_perips/u_perips_apb_uart0/uart_tx_fifo_i/buffer_reg_15__6_/D
u_e203_soc_top/u_e203_subsys_top/u_e203_subsys_main/u_e203_subsys_perips/u_perips_apb_uart0/uart_tx_fifo_i/buffer_reg_15__7_/D
u_e203_soc_top/u_e203_subsys_top/u_e203_subsys_main/u_e203_subsys_perips/u_perips_apb_uart1/fifo_tx_data_reg_0_/D
u_e203_soc_top/u_e203_subsys_top/u_e203_subsys_main/u_e203_subsys_perips/u_perips_apb_uart1/fifo_tx_data_reg_1_/D
u_e203_soc_top/u_e203_subsys_top/u_e203_subsys_main/u_e203_subsys_perips/u_perips_apb_uart1/fifo_tx_data_reg_2_/D
u_e203_soc_top/u_e203_subsys_top/u_e203_subsys_main/u_e203_subsys_perips/u_perips_apb_uart1/fifo_tx_data_reg_3_/D
u_e203_soc_top/u_e203_subsys_top/u_e203_subsys_main/u_e203_subsys_perips/u_perips_apb_uart1/fifo_tx_data_reg_4_/D
u_e203_soc_top/u_e203_subsys_top/u_e203_subsys_main/u_e203_subsys_perips/u_perips_apb_uart1/fifo_tx_data_reg_5_/D
u_e203_soc_top/u_e203_subsys_top/u_e203_subsys_main/u_e203_subsys_perips/u_perips_apb_uart1/fifo_tx_data_reg_6_/D
u_e203_soc_top/u_e203_subsys_top/u_e203_subsys_main/u_e203_subsys_perips/u_perips_apb_uart1/fifo_tx_data_reg_7_/D
u_e203_soc_top/u_e203_subsys_top/u_e203_subsys_main/u_e203_subsys_perips/u_perips_apb_uart1/uart_tx_fifo_i/buffer_reg_0__0_/D
u_e203_soc_top/u_e203_subsys_top/u_e203_subsys_main/u_e203_subsys_perips/u_perips_apb_uart1/uart_tx_fifo_i/buffer_reg_0__1_/D
u_e203_soc_top/u_e203_subsys_top/u_e203_subsys_main/u_e203_subsys_perips/u_perips_apb_uart1/uart_tx_fifo_i/buffer_reg_0__2_/D
u_e203_soc_top/u_e203_subsys_top/u_e203_subsys_main/u_e203_subsys_perips/u_perips_apb_uart1/uart_tx_fifo_i/buffer_reg_0__3_/D
u_e203_soc_top/u_e203_subsys_top/u_e203_subsys_main/u_e203_subsys_perips/u_perips_apb_uart1/uart_tx_fifo_i/buffer_reg_0__4_/D
u_e203_soc_top/u_e203_subsys_top/u_e203_subsys_main/u_e203_subsys_perips/u_perips_apb_uart1/uart_tx_fifo_i/buffer_reg_0__5_/D
u_e203_soc_top/u_e203_subsys_top/u_e203_subsys_main/u_e203_subsys_perips/u_perips_apb_uart1/uart_tx_fifo_i/buffer_reg_0__6_/D
u_e203_soc_top/u_e203_subsys_top/u_e203_subsys_main/u_e203_subsys_perips/u_perips_apb_uart1/uart_tx_fifo_i/buffer_reg_0__7_/D
u_e203_soc_top/u_e203_subsys_top/u_e203_subsys_main/u_e203_subsys_perips/u_perips_apb_uart1/uart_tx_fifo_i/buffer_reg_1__0_/D
u_e203_soc_top/u_e203_subsys_top/u_e203_subsys_main/u_e203_subsys_perips/u_perips_apb_uart1/uart_tx_fifo_i/buffer_reg_1__1_/D
u_e203_soc_top/u_e203_subsys_top/u_e203_subsys_main/u_e203_subsys_perips/u_perips_apb_uart1/uart_tx_fifo_i/buffer_reg_1__2_/D
u_e203_soc_top/u_e203_subsys_top/u_e203_subsys_main/u_e203_subsys_perips/u_perips_apb_uart1/uart_tx_fifo_i/buffer_reg_1__3_/D
u_e203_soc_top/u_e203_subsys_top/u_e203_subsys_main/u_e203_subsys_perips/u_perips_apb_uart1/uart_tx_fifo_i/buffer_reg_1__4_/D
u_e203_soc_top/u_e203_subsys_top/u_e203_subsys_main/u_e203_subsys_perips/u_perips_apb_uart1/uart_tx_fifo_i/buffer_reg_1__5_/D
u_e203_soc_top/u_e203_subsys_top/u_e203_subsys_main/u_e203_subsys_perips/u_perips_apb_uart1/uart_tx_fifo_i/buffer_reg_1__6_/D
u_e203_soc_top/u_e203_subsys_top/u_e203_subsys_main/u_e203_subsys_perips/u_perips_apb_uart1/uart_tx_fifo_i/buffer_reg_1__7_/D
u_e203_soc_top/u_e203_subsys_top/u_e203_subsys_main/u_e203_subsys_perips/u_perips_apb_uart1/uart_tx_fifo_i/buffer_reg_2__0_/D
u_e203_soc_top/u_e203_subsys_top/u_e203_subsys_main/u_e203_subsys_perips/u_perips_apb_uart1/uart_tx_fifo_i/buffer_reg_2__1_/D
u_e203_soc_top/u_e203_subsys_top/u_e203_subsys_main/u_e203_subsys_perips/u_perips_apb_uart1/uart_tx_fifo_i/buffer_reg_2__2_/D
u_e203_soc_top/u_e203_subsys_top/u_e203_subsys_main/u_e203_subsys_perips/u_perips_apb_uart1/uart_tx_fifo_i/buffer_reg_2__3_/D
u_e203_soc_top/u_e203_subsys_top/u_e203_subsys_main/u_e203_subsys_perips/u_perips_apb_uart1/uart_tx_fifo_i/buffer_reg_2__4_/D
u_e203_soc_top/u_e203_subsys_top/u_e203_subsys_main/u_e203_subsys_perips/u_perips_apb_uart1/uart_tx_fifo_i/buffer_reg_2__5_/D
u_e203_soc_top/u_e203_subsys_top/u_e203_subsys_main/u_e203_subsys_perips/u_perips_apb_uart1/uart_tx_fifo_i/buffer_reg_2__6_/D
u_e203_soc_top/u_e203_subsys_top/u_e203_subsys_main/u_e203_subsys_perips/u_perips_apb_uart1/uart_tx_fifo_i/buffer_reg_2__7_/D
u_e203_soc_top/u_e203_subsys_top/u_e203_subsys_main/u_e203_subsys_perips/u_perips_apb_uart1/uart_tx_fifo_i/buffer_reg_3__0_/D
u_e203_soc_top/u_e203_subsys_top/u_e203_subsys_main/u_e203_subsys_perips/u_perips_apb_uart1/uart_tx_fifo_i/buffer_reg_3__1_/D
u_e203_soc_top/u_e203_subsys_top/u_e203_subsys_main/u_e203_subsys_perips/u_perips_apb_uart1/uart_tx_fifo_i/buffer_reg_3__2_/D
u_e203_soc_top/u_e203_subsys_top/u_e203_subsys_main/u_e203_subsys_perips/u_perips_apb_uart1/uart_tx_fifo_i/buffer_reg_3__3_/D
u_e203_soc_top/u_e203_subsys_top/u_e203_subsys_main/u_e203_subsys_perips/u_perips_apb_uart1/uart_tx_fifo_i/buffer_reg_3__4_/D
u_e203_soc_top/u_e203_subsys_top/u_e203_subsys_main/u_e203_subsys_perips/u_perips_apb_uart1/uart_tx_fifo_i/buffer_reg_3__5_/D
u_e203_soc_top/u_e203_subsys_top/u_e203_subsys_main/u_e203_subsys_perips/u_perips_apb_uart1/uart_tx_fifo_i/buffer_reg_3__6_/D
u_e203_soc_top/u_e203_subsys_top/u_e203_subsys_main/u_e203_subsys_perips/u_perips_apb_uart1/uart_tx_fifo_i/buffer_reg_3__7_/D
u_e203_soc_top/u_e203_subsys_top/u_e203_subsys_main/u_e203_subsys_perips/u_perips_apb_uart1/uart_tx_fifo_i/buffer_reg_4__0_/D
u_e203_soc_top/u_e203_subsys_top/u_e203_subsys_main/u_e203_subsys_perips/u_perips_apb_uart1/uart_tx_fifo_i/buffer_reg_4__1_/D
u_e203_soc_top/u_e203_subsys_top/u_e203_subsys_main/u_e203_subsys_perips/u_perips_apb_uart1/uart_tx_fifo_i/buffer_reg_4__2_/D
u_e203_soc_top/u_e203_subsys_top/u_e203_subsys_main/u_e203_subsys_perips/u_perips_apb_uart1/uart_tx_fifo_i/buffer_reg_4__3_/D
u_e203_soc_top/u_e203_subsys_top/u_e203_subsys_main/u_e203_subsys_perips/u_perips_apb_uart1/uart_tx_fifo_i/buffer_reg_4__4_/D
u_e203_soc_top/u_e203_subsys_top/u_e203_subsys_main/u_e203_subsys_perips/u_perips_apb_uart1/uart_tx_fifo_i/buffer_reg_4__5_/D
u_e203_soc_top/u_e203_subsys_top/u_e203_subsys_main/u_e203_subsys_perips/u_perips_apb_uart1/uart_tx_fifo_i/buffer_reg_4__6_/D
u_e203_soc_top/u_e203_subsys_top/u_e203_subsys_main/u_e203_subsys_perips/u_perips_apb_uart1/uart_tx_fifo_i/buffer_reg_4__7_/D
u_e203_soc_top/u_e203_subsys_top/u_e203_subsys_main/u_e203_subsys_perips/u_perips_apb_uart1/uart_tx_fifo_i/buffer_reg_5__0_/D
u_e203_soc_top/u_e203_subsys_top/u_e203_subsys_main/u_e203_subsys_perips/u_perips_apb_uart1/uart_tx_fifo_i/buffer_reg_5__1_/D
u_e203_soc_top/u_e203_subsys_top/u_e203_subsys_main/u_e203_subsys_perips/u_perips_apb_uart1/uart_tx_fifo_i/buffer_reg_5__2_/D
u_e203_soc_top/u_e203_subsys_top/u_e203_subsys_main/u_e203_subsys_perips/u_perips_apb_uart1/uart_tx_fifo_i/buffer_reg_5__3_/D
u_e203_soc_top/u_e203_subsys_top/u_e203_subsys_main/u_e203_subsys_perips/u_perips_apb_uart1/uart_tx_fifo_i/buffer_reg_5__4_/D
u_e203_soc_top/u_e203_subsys_top/u_e203_subsys_main/u_e203_subsys_perips/u_perips_apb_uart1/uart_tx_fifo_i/buffer_reg_5__5_/D
u_e203_soc_top/u_e203_subsys_top/u_e203_subsys_main/u_e203_subsys_perips/u_perips_apb_uart1/uart_tx_fifo_i/buffer_reg_5__6_/D
u_e203_soc_top/u_e203_subsys_top/u_e203_subsys_main/u_e203_subsys_perips/u_perips_apb_uart1/uart_tx_fifo_i/buffer_reg_5__7_/D
u_e203_soc_top/u_e203_subsys_top/u_e203_subsys_main/u_e203_subsys_perips/u_perips_apb_uart1/uart_tx_fifo_i/buffer_reg_6__0_/D
u_e203_soc_top/u_e203_subsys_top/u_e203_subsys_main/u_e203_subsys_perips/u_perips_apb_uart1/uart_tx_fifo_i/buffer_reg_6__1_/D
u_e203_soc_top/u_e203_subsys_top/u_e203_subsys_main/u_e203_subsys_perips/u_perips_apb_uart1/uart_tx_fifo_i/buffer_reg_6__2_/D
u_e203_soc_top/u_e203_subsys_top/u_e203_subsys_main/u_e203_subsys_perips/u_perips_apb_uart1/uart_tx_fifo_i/buffer_reg_6__3_/D
u_e203_soc_top/u_e203_subsys_top/u_e203_subsys_main/u_e203_subsys_perips/u_perips_apb_uart1/uart_tx_fifo_i/buffer_reg_6__4_/D
u_e203_soc_top/u_e203_subsys_top/u_e203_subsys_main/u_e203_subsys_perips/u_perips_apb_uart1/uart_tx_fifo_i/buffer_reg_6__5_/D
u_e203_soc_top/u_e203_subsys_top/u_e203_subsys_main/u_e203_subsys_perips/u_perips_apb_uart1/uart_tx_fifo_i/buffer_reg_6__6_/D
u_e203_soc_top/u_e203_subsys_top/u_e203_subsys_main/u_e203_subsys_perips/u_perips_apb_uart1/uart_tx_fifo_i/buffer_reg_6__7_/D
u_e203_soc_top/u_e203_subsys_top/u_e203_subsys_main/u_e203_subsys_perips/u_perips_apb_uart1/uart_tx_fifo_i/buffer_reg_7__0_/D
u_e203_soc_top/u_e203_subsys_top/u_e203_subsys_main/u_e203_subsys_perips/u_perips_apb_uart1/uart_tx_fifo_i/buffer_reg_7__1_/D
u_e203_soc_top/u_e203_subsys_top/u_e203_subsys_main/u_e203_subsys_perips/u_perips_apb_uart1/uart_tx_fifo_i/buffer_reg_7__2_/D
u_e203_soc_top/u_e203_subsys_top/u_e203_subsys_main/u_e203_subsys_perips/u_perips_apb_uart1/uart_tx_fifo_i/buffer_reg_7__3_/D
u_e203_soc_top/u_e203_subsys_top/u_e203_subsys_main/u_e203_subsys_perips/u_perips_apb_uart1/uart_tx_fifo_i/buffer_reg_7__4_/D
u_e203_soc_top/u_e203_subsys_top/u_e203_subsys_main/u_e203_subsys_perips/u_perips_apb_uart1/uart_tx_fifo_i/buffer_reg_7__5_/D
u_e203_soc_top/u_e203_subsys_top/u_e203_subsys_main/u_e203_subsys_perips/u_perips_apb_uart1/uart_tx_fifo_i/buffer_reg_7__6_/D
u_e203_soc_top/u_e203_subsys_top/u_e203_subsys_main/u_e203_subsys_perips/u_perips_apb_uart1/uart_tx_fifo_i/buffer_reg_7__7_/D
u_e203_soc_top/u_e203_subsys_top/u_e203_subsys_main/u_e203_subsys_perips/u_perips_apb_uart1/uart_tx_fifo_i/buffer_reg_8__0_/D
u_e203_soc_top/u_e203_subsys_top/u_e203_subsys_main/u_e203_subsys_perips/u_perips_apb_uart1/uart_tx_fifo_i/buffer_reg_8__1_/D
u_e203_soc_top/u_e203_subsys_top/u_e203_subsys_main/u_e203_subsys_perips/u_perips_apb_uart1/uart_tx_fifo_i/buffer_reg_8__2_/D
u_e203_soc_top/u_e203_subsys_top/u_e203_subsys_main/u_e203_subsys_perips/u_perips_apb_uart1/uart_tx_fifo_i/buffer_reg_8__3_/D
u_e203_soc_top/u_e203_subsys_top/u_e203_subsys_main/u_e203_subsys_perips/u_perips_apb_uart1/uart_tx_fifo_i/buffer_reg_8__4_/D
u_e203_soc_top/u_e203_subsys_top/u_e203_subsys_main/u_e203_subsys_perips/u_perips_apb_uart1/uart_tx_fifo_i/buffer_reg_8__5_/D
u_e203_soc_top/u_e203_subsys_top/u_e203_subsys_main/u_e203_subsys_perips/u_perips_apb_uart1/uart_tx_fifo_i/buffer_reg_8__6_/D
u_e203_soc_top/u_e203_subsys_top/u_e203_subsys_main/u_e203_subsys_perips/u_perips_apb_uart1/uart_tx_fifo_i/buffer_reg_8__7_/D
u_e203_soc_top/u_e203_subsys_top/u_e203_subsys_main/u_e203_subsys_perips/u_perips_apb_uart1/uart_tx_fifo_i/buffer_reg_9__0_/D
u_e203_soc_top/u_e203_subsys_top/u_e203_subsys_main/u_e203_subsys_perips/u_perips_apb_uart1/uart_tx_fifo_i/buffer_reg_9__1_/D
u_e203_soc_top/u_e203_subsys_top/u_e203_subsys_main/u_e203_subsys_perips/u_perips_apb_uart1/uart_tx_fifo_i/buffer_reg_9__2_/D
u_e203_soc_top/u_e203_subsys_top/u_e203_subsys_main/u_e203_subsys_perips/u_perips_apb_uart1/uart_tx_fifo_i/buffer_reg_9__3_/D
u_e203_soc_top/u_e203_subsys_top/u_e203_subsys_main/u_e203_subsys_perips/u_perips_apb_uart1/uart_tx_fifo_i/buffer_reg_9__4_/D
u_e203_soc_top/u_e203_subsys_top/u_e203_subsys_main/u_e203_subsys_perips/u_perips_apb_uart1/uart_tx_fifo_i/buffer_reg_9__5_/D
u_e203_soc_top/u_e203_subsys_top/u_e203_subsys_main/u_e203_subsys_perips/u_perips_apb_uart1/uart_tx_fifo_i/buffer_reg_9__6_/D
u_e203_soc_top/u_e203_subsys_top/u_e203_subsys_main/u_e203_subsys_perips/u_perips_apb_uart1/uart_tx_fifo_i/buffer_reg_9__7_/D
u_e203_soc_top/u_e203_subsys_top/u_e203_subsys_main/u_e203_subsys_perips/u_perips_apb_uart1/uart_tx_fifo_i/buffer_reg_10__0_/D
u_e203_soc_top/u_e203_subsys_top/u_e203_subsys_main/u_e203_subsys_perips/u_perips_apb_uart1/uart_tx_fifo_i/buffer_reg_10__1_/D
u_e203_soc_top/u_e203_subsys_top/u_e203_subsys_main/u_e203_subsys_perips/u_perips_apb_uart1/uart_tx_fifo_i/buffer_reg_10__2_/D
u_e203_soc_top/u_e203_subsys_top/u_e203_subsys_main/u_e203_subsys_perips/u_perips_apb_uart1/uart_tx_fifo_i/buffer_reg_10__3_/D
u_e203_soc_top/u_e203_subsys_top/u_e203_subsys_main/u_e203_subsys_perips/u_perips_apb_uart1/uart_tx_fifo_i/buffer_reg_10__4_/D
u_e203_soc_top/u_e203_subsys_top/u_e203_subsys_main/u_e203_subsys_perips/u_perips_apb_uart1/uart_tx_fifo_i/buffer_reg_10__5_/D
u_e203_soc_top/u_e203_subsys_top/u_e203_subsys_main/u_e203_subsys_perips/u_perips_apb_uart1/uart_tx_fifo_i/buffer_reg_10__6_/D
u_e203_soc_top/u_e203_subsys_top/u_e203_subsys_main/u_e203_subsys_perips/u_perips_apb_uart1/uart_tx_fifo_i/buffer_reg_10__7_/D
u_e203_soc_top/u_e203_subsys_top/u_e203_subsys_main/u_e203_subsys_perips/u_perips_apb_uart1/uart_tx_fifo_i/buffer_reg_11__0_/D
u_e203_soc_top/u_e203_subsys_top/u_e203_subsys_main/u_e203_subsys_perips/u_perips_apb_uart1/uart_tx_fifo_i/buffer_reg_11__1_/D
u_e203_soc_top/u_e203_subsys_top/u_e203_subsys_main/u_e203_subsys_perips/u_perips_apb_uart1/uart_tx_fifo_i/buffer_reg_11__2_/D
u_e203_soc_top/u_e203_subsys_top/u_e203_subsys_main/u_e203_subsys_perips/u_perips_apb_uart1/uart_tx_fifo_i/buffer_reg_11__3_/D
u_e203_soc_top/u_e203_subsys_top/u_e203_subsys_main/u_e203_subsys_perips/u_perips_apb_uart1/uart_tx_fifo_i/buffer_reg_11__4_/D
u_e203_soc_top/u_e203_subsys_top/u_e203_subsys_main/u_e203_subsys_perips/u_perips_apb_uart1/uart_tx_fifo_i/buffer_reg_11__5_/D
u_e203_soc_top/u_e203_subsys_top/u_e203_subsys_main/u_e203_subsys_perips/u_perips_apb_uart1/uart_tx_fifo_i/buffer_reg_11__6_/D
u_e203_soc_top/u_e203_subsys_top/u_e203_subsys_main/u_e203_subsys_perips/u_perips_apb_uart1/uart_tx_fifo_i/buffer_reg_11__7_/D
u_e203_soc_top/u_e203_subsys_top/u_e203_subsys_main/u_e203_subsys_perips/u_perips_apb_uart1/uart_tx_fifo_i/buffer_reg_12__0_/D
u_e203_soc_top/u_e203_subsys_top/u_e203_subsys_main/u_e203_subsys_perips/u_perips_apb_uart1/uart_tx_fifo_i/buffer_reg_12__1_/D
u_e203_soc_top/u_e203_subsys_top/u_e203_subsys_main/u_e203_subsys_perips/u_perips_apb_uart1/uart_tx_fifo_i/buffer_reg_12__2_/D
u_e203_soc_top/u_e203_subsys_top/u_e203_subsys_main/u_e203_subsys_perips/u_perips_apb_uart1/uart_tx_fifo_i/buffer_reg_12__3_/D
u_e203_soc_top/u_e203_subsys_top/u_e203_subsys_main/u_e203_subsys_perips/u_perips_apb_uart1/uart_tx_fifo_i/buffer_reg_12__4_/D
u_e203_soc_top/u_e203_subsys_top/u_e203_subsys_main/u_e203_subsys_perips/u_perips_apb_uart1/uart_tx_fifo_i/buffer_reg_12__5_/D
u_e203_soc_top/u_e203_subsys_top/u_e203_subsys_main/u_e203_subsys_perips/u_perips_apb_uart1/uart_tx_fifo_i/buffer_reg_12__6_/D
u_e203_soc_top/u_e203_subsys_top/u_e203_subsys_main/u_e203_subsys_perips/u_perips_apb_uart1/uart_tx_fifo_i/buffer_reg_12__7_/D
u_e203_soc_top/u_e203_subsys_top/u_e203_subsys_main/u_e203_subsys_perips/u_perips_apb_uart1/uart_tx_fifo_i/buffer_reg_13__0_/D
u_e203_soc_top/u_e203_subsys_top/u_e203_subsys_main/u_e203_subsys_perips/u_perips_apb_uart1/uart_tx_fifo_i/buffer_reg_13__1_/D
u_e203_soc_top/u_e203_subsys_top/u_e203_subsys_main/u_e203_subsys_perips/u_perips_apb_uart1/uart_tx_fifo_i/buffer_reg_13__2_/D
u_e203_soc_top/u_e203_subsys_top/u_e203_subsys_main/u_e203_subsys_perips/u_perips_apb_uart1/uart_tx_fifo_i/buffer_reg_13__3_/D
u_e203_soc_top/u_e203_subsys_top/u_e203_subsys_main/u_e203_subsys_perips/u_perips_apb_uart1/uart_tx_fifo_i/buffer_reg_13__4_/D
u_e203_soc_top/u_e203_subsys_top/u_e203_subsys_main/u_e203_subsys_perips/u_perips_apb_uart1/uart_tx_fifo_i/buffer_reg_13__5_/D
u_e203_soc_top/u_e203_subsys_top/u_e203_subsys_main/u_e203_subsys_perips/u_perips_apb_uart1/uart_tx_fifo_i/buffer_reg_13__6_/D
u_e203_soc_top/u_e203_subsys_top/u_e203_subsys_main/u_e203_subsys_perips/u_perips_apb_uart1/uart_tx_fifo_i/buffer_reg_13__7_/D
u_e203_soc_top/u_e203_subsys_top/u_e203_subsys_main/u_e203_subsys_perips/u_perips_apb_uart1/uart_tx_fifo_i/buffer_reg_14__0_/D
u_e203_soc_top/u_e203_subsys_top/u_e203_subsys_main/u_e203_subsys_perips/u_perips_apb_uart1/uart_tx_fifo_i/buffer_reg_14__1_/D
u_e203_soc_top/u_e203_subsys_top/u_e203_subsys_main/u_e203_subsys_perips/u_perips_apb_uart1/uart_tx_fifo_i/buffer_reg_14__2_/D
u_e203_soc_top/u_e203_subsys_top/u_e203_subsys_main/u_e203_subsys_perips/u_perips_apb_uart1/uart_tx_fifo_i/buffer_reg_14__3_/D
u_e203_soc_top/u_e203_subsys_top/u_e203_subsys_main/u_e203_subsys_perips/u_perips_apb_uart1/uart_tx_fifo_i/buffer_reg_14__4_/D
u_e203_soc_top/u_e203_subsys_top/u_e203_subsys_main/u_e203_subsys_perips/u_perips_apb_uart1/uart_tx_fifo_i/buffer_reg_14__5_/D
u_e203_soc_top/u_e203_subsys_top/u_e203_subsys_main/u_e203_subsys_perips/u_perips_apb_uart1/uart_tx_fifo_i/buffer_reg_14__6_/D
u_e203_soc_top/u_e203_subsys_top/u_e203_subsys_main/u_e203_subsys_perips/u_perips_apb_uart1/uart_tx_fifo_i/buffer_reg_14__7_/D
u_e203_soc_top/u_e203_subsys_top/u_e203_subsys_main/u_e203_subsys_perips/u_perips_apb_uart1/uart_tx_fifo_i/buffer_reg_15__0_/D
u_e203_soc_top/u_e203_subsys_top/u_e203_subsys_main/u_e203_subsys_perips/u_perips_apb_uart1/uart_tx_fifo_i/buffer_reg_15__1_/D
u_e203_soc_top/u_e203_subsys_top/u_e203_subsys_main/u_e203_subsys_perips/u_perips_apb_uart1/uart_tx_fifo_i/buffer_reg_15__2_/D
u_e203_soc_top/u_e203_subsys_top/u_e203_subsys_main/u_e203_subsys_perips/u_perips_apb_uart1/uart_tx_fifo_i/buffer_reg_15__3_/D
u_e203_soc_top/u_e203_subsys_top/u_e203_subsys_main/u_e203_subsys_perips/u_perips_apb_uart1/uart_tx_fifo_i/buffer_reg_15__4_/D
u_e203_soc_top/u_e203_subsys_top/u_e203_subsys_main/u_e203_subsys_perips/u_perips_apb_uart1/uart_tx_fifo_i/buffer_reg_15__5_/D
u_e203_soc_top/u_e203_subsys_top/u_e203_subsys_main/u_e203_subsys_perips/u_perips_apb_uart1/uart_tx_fifo_i/buffer_reg_15__6_/D
u_e203_soc_top/u_e203_subsys_top/u_e203_subsys_main/u_e203_subsys_perips/u_perips_apb_uart1/uart_tx_fifo_i/buffer_reg_15__7_/D
u_e203_soc_top/u_e203_subsys_top/u_e203_subsys_main/u_e203_subsys_perips/u_perips_apb_uart2/fifo_tx_data_reg_0_/D
u_e203_soc_top/u_e203_subsys_top/u_e203_subsys_main/u_e203_subsys_perips/u_perips_apb_uart2/fifo_tx_data_reg_1_/D
u_e203_soc_top/u_e203_subsys_top/u_e203_subsys_main/u_e203_subsys_perips/u_perips_apb_uart2/fifo_tx_data_reg_2_/D
u_e203_soc_top/u_e203_subsys_top/u_e203_subsys_main/u_e203_subsys_perips/u_perips_apb_uart2/fifo_tx_data_reg_3_/D
u_e203_soc_top/u_e203_subsys_top/u_e203_subsys_main/u_e203_subsys_perips/u_perips_apb_uart2/fifo_tx_data_reg_4_/D
u_e203_soc_top/u_e203_subsys_top/u_e203_subsys_main/u_e203_subsys_perips/u_perips_apb_uart2/fifo_tx_data_reg_5_/D
u_e203_soc_top/u_e203_subsys_top/u_e203_subsys_main/u_e203_subsys_perips/u_perips_apb_uart2/fifo_tx_data_reg_6_/D
u_e203_soc_top/u_e203_subsys_top/u_e203_subsys_main/u_e203_subsys_perips/u_perips_apb_uart2/fifo_tx_data_reg_7_/D
u_e203_soc_top/u_e203_subsys_top/u_e203_subsys_main/u_e203_subsys_perips/u_perips_apb_uart2/uart_tx_fifo_i/buffer_reg_0__0_/D
u_e203_soc_top/u_e203_subsys_top/u_e203_subsys_main/u_e203_subsys_perips/u_perips_apb_uart2/uart_tx_fifo_i/buffer_reg_0__1_/D
u_e203_soc_top/u_e203_subsys_top/u_e203_subsys_main/u_e203_subsys_perips/u_perips_apb_uart2/uart_tx_fifo_i/buffer_reg_0__2_/D
u_e203_soc_top/u_e203_subsys_top/u_e203_subsys_main/u_e203_subsys_perips/u_perips_apb_uart2/uart_tx_fifo_i/buffer_reg_0__3_/D
u_e203_soc_top/u_e203_subsys_top/u_e203_subsys_main/u_e203_subsys_perips/u_perips_apb_uart2/uart_tx_fifo_i/buffer_reg_0__4_/D
u_e203_soc_top/u_e203_subsys_top/u_e203_subsys_main/u_e203_subsys_perips/u_perips_apb_uart2/uart_tx_fifo_i/buffer_reg_0__5_/D
u_e203_soc_top/u_e203_subsys_top/u_e203_subsys_main/u_e203_subsys_perips/u_perips_apb_uart2/uart_tx_fifo_i/buffer_reg_0__6_/D
u_e203_soc_top/u_e203_subsys_top/u_e203_subsys_main/u_e203_subsys_perips/u_perips_apb_uart2/uart_tx_fifo_i/buffer_reg_0__7_/D
u_e203_soc_top/u_e203_subsys_top/u_e203_subsys_main/u_e203_subsys_perips/u_perips_apb_uart2/uart_tx_fifo_i/buffer_reg_1__0_/D
u_e203_soc_top/u_e203_subsys_top/u_e203_subsys_main/u_e203_subsys_perips/u_perips_apb_uart2/uart_tx_fifo_i/buffer_reg_1__1_/D
u_e203_soc_top/u_e203_subsys_top/u_e203_subsys_main/u_e203_subsys_perips/u_perips_apb_uart2/uart_tx_fifo_i/buffer_reg_1__2_/D
u_e203_soc_top/u_e203_subsys_top/u_e203_subsys_main/u_e203_subsys_perips/u_perips_apb_uart2/uart_tx_fifo_i/buffer_reg_1__3_/D
u_e203_soc_top/u_e203_subsys_top/u_e203_subsys_main/u_e203_subsys_perips/u_perips_apb_uart2/uart_tx_fifo_i/buffer_reg_1__4_/D
u_e203_soc_top/u_e203_subsys_top/u_e203_subsys_main/u_e203_subsys_perips/u_perips_apb_uart2/uart_tx_fifo_i/buffer_reg_1__5_/D
u_e203_soc_top/u_e203_subsys_top/u_e203_subsys_main/u_e203_subsys_perips/u_perips_apb_uart2/uart_tx_fifo_i/buffer_reg_1__6_/D
u_e203_soc_top/u_e203_subsys_top/u_e203_subsys_main/u_e203_subsys_perips/u_perips_apb_uart2/uart_tx_fifo_i/buffer_reg_1__7_/D
u_e203_soc_top/u_e203_subsys_top/u_e203_subsys_main/u_e203_subsys_perips/u_perips_apb_uart2/uart_tx_fifo_i/buffer_reg_2__0_/D
u_e203_soc_top/u_e203_subsys_top/u_e203_subsys_main/u_e203_subsys_perips/u_perips_apb_uart2/uart_tx_fifo_i/buffer_reg_2__1_/D
u_e203_soc_top/u_e203_subsys_top/u_e203_subsys_main/u_e203_subsys_perips/u_perips_apb_uart2/uart_tx_fifo_i/buffer_reg_2__2_/D
u_e203_soc_top/u_e203_subsys_top/u_e203_subsys_main/u_e203_subsys_perips/u_perips_apb_uart2/uart_tx_fifo_i/buffer_reg_2__3_/D
u_e203_soc_top/u_e203_subsys_top/u_e203_subsys_main/u_e203_subsys_perips/u_perips_apb_uart2/uart_tx_fifo_i/buffer_reg_2__4_/D
u_e203_soc_top/u_e203_subsys_top/u_e203_subsys_main/u_e203_subsys_perips/u_perips_apb_uart2/uart_tx_fifo_i/buffer_reg_2__5_/D
u_e203_soc_top/u_e203_subsys_top/u_e203_subsys_main/u_e203_subsys_perips/u_perips_apb_uart2/uart_tx_fifo_i/buffer_reg_2__6_/D
u_e203_soc_top/u_e203_subsys_top/u_e203_subsys_main/u_e203_subsys_perips/u_perips_apb_uart2/uart_tx_fifo_i/buffer_reg_2__7_/D
u_e203_soc_top/u_e203_subsys_top/u_e203_subsys_main/u_e203_subsys_perips/u_perips_apb_uart2/uart_tx_fifo_i/buffer_reg_3__0_/D
u_e203_soc_top/u_e203_subsys_top/u_e203_subsys_main/u_e203_subsys_perips/u_perips_apb_uart2/uart_tx_fifo_i/buffer_reg_3__1_/D
u_e203_soc_top/u_e203_subsys_top/u_e203_subsys_main/u_e203_subsys_perips/u_perips_apb_uart2/uart_tx_fifo_i/buffer_reg_3__2_/D
u_e203_soc_top/u_e203_subsys_top/u_e203_subsys_main/u_e203_subsys_perips/u_perips_apb_uart2/uart_tx_fifo_i/buffer_reg_3__3_/D
u_e203_soc_top/u_e203_subsys_top/u_e203_subsys_main/u_e203_subsys_perips/u_perips_apb_uart2/uart_tx_fifo_i/buffer_reg_3__4_/D
u_e203_soc_top/u_e203_subsys_top/u_e203_subsys_main/u_e203_subsys_perips/u_perips_apb_uart2/uart_tx_fifo_i/buffer_reg_3__5_/D
u_e203_soc_top/u_e203_subsys_top/u_e203_subsys_main/u_e203_subsys_perips/u_perips_apb_uart2/uart_tx_fifo_i/buffer_reg_3__6_/D
u_e203_soc_top/u_e203_subsys_top/u_e203_subsys_main/u_e203_subsys_perips/u_perips_apb_uart2/uart_tx_fifo_i/buffer_reg_3__7_/D
u_e203_soc_top/u_e203_subsys_top/u_e203_subsys_main/u_e203_subsys_perips/u_perips_apb_uart2/uart_tx_fifo_i/buffer_reg_4__0_/D
u_e203_soc_top/u_e203_subsys_top/u_e203_subsys_main/u_e203_subsys_perips/u_perips_apb_uart2/uart_tx_fifo_i/buffer_reg_4__1_/D
u_e203_soc_top/u_e203_subsys_top/u_e203_subsys_main/u_e203_subsys_perips/u_perips_apb_uart2/uart_tx_fifo_i/buffer_reg_4__2_/D
u_e203_soc_top/u_e203_subsys_top/u_e203_subsys_main/u_e203_subsys_perips/u_perips_apb_uart2/uart_tx_fifo_i/buffer_reg_4__3_/D
u_e203_soc_top/u_e203_subsys_top/u_e203_subsys_main/u_e203_subsys_perips/u_perips_apb_uart2/uart_tx_fifo_i/buffer_reg_4__4_/D
u_e203_soc_top/u_e203_subsys_top/u_e203_subsys_main/u_e203_subsys_perips/u_perips_apb_uart2/uart_tx_fifo_i/buffer_reg_4__5_/D
u_e203_soc_top/u_e203_subsys_top/u_e203_subsys_main/u_e203_subsys_perips/u_perips_apb_uart2/uart_tx_fifo_i/buffer_reg_4__6_/D
u_e203_soc_top/u_e203_subsys_top/u_e203_subsys_main/u_e203_subsys_perips/u_perips_apb_uart2/uart_tx_fifo_i/buffer_reg_4__7_/D
u_e203_soc_top/u_e203_subsys_top/u_e203_subsys_main/u_e203_subsys_perips/u_perips_apb_uart2/uart_tx_fifo_i/buffer_reg_5__0_/D
u_e203_soc_top/u_e203_subsys_top/u_e203_subsys_main/u_e203_subsys_perips/u_perips_apb_uart2/uart_tx_fifo_i/buffer_reg_5__1_/D
u_e203_soc_top/u_e203_subsys_top/u_e203_subsys_main/u_e203_subsys_perips/u_perips_apb_uart2/uart_tx_fifo_i/buffer_reg_5__2_/D
u_e203_soc_top/u_e203_subsys_top/u_e203_subsys_main/u_e203_subsys_perips/u_perips_apb_uart2/uart_tx_fifo_i/buffer_reg_5__3_/D
u_e203_soc_top/u_e203_subsys_top/u_e203_subsys_main/u_e203_subsys_perips/u_perips_apb_uart2/uart_tx_fifo_i/buffer_reg_5__4_/D
u_e203_soc_top/u_e203_subsys_top/u_e203_subsys_main/u_e203_subsys_perips/u_perips_apb_uart2/uart_tx_fifo_i/buffer_reg_5__5_/D
u_e203_soc_top/u_e203_subsys_top/u_e203_subsys_main/u_e203_subsys_perips/u_perips_apb_uart2/uart_tx_fifo_i/buffer_reg_5__6_/D
u_e203_soc_top/u_e203_subsys_top/u_e203_subsys_main/u_e203_subsys_perips/u_perips_apb_uart2/uart_tx_fifo_i/buffer_reg_5__7_/D
u_e203_soc_top/u_e203_subsys_top/u_e203_subsys_main/u_e203_subsys_perips/u_perips_apb_uart2/uart_tx_fifo_i/buffer_reg_6__0_/D
u_e203_soc_top/u_e203_subsys_top/u_e203_subsys_main/u_e203_subsys_perips/u_perips_apb_uart2/uart_tx_fifo_i/buffer_reg_6__1_/D
u_e203_soc_top/u_e203_subsys_top/u_e203_subsys_main/u_e203_subsys_perips/u_perips_apb_uart2/uart_tx_fifo_i/buffer_reg_6__2_/D
u_e203_soc_top/u_e203_subsys_top/u_e203_subsys_main/u_e203_subsys_perips/u_perips_apb_uart2/uart_tx_fifo_i/buffer_reg_6__3_/D
u_e203_soc_top/u_e203_subsys_top/u_e203_subsys_main/u_e203_subsys_perips/u_perips_apb_uart2/uart_tx_fifo_i/buffer_reg_6__4_/D
u_e203_soc_top/u_e203_subsys_top/u_e203_subsys_main/u_e203_subsys_perips/u_perips_apb_uart2/uart_tx_fifo_i/buffer_reg_6__5_/D
u_e203_soc_top/u_e203_subsys_top/u_e203_subsys_main/u_e203_subsys_perips/u_perips_apb_uart2/uart_tx_fifo_i/buffer_reg_6__6_/D
u_e203_soc_top/u_e203_subsys_top/u_e203_subsys_main/u_e203_subsys_perips/u_perips_apb_uart2/uart_tx_fifo_i/buffer_reg_6__7_/D
u_e203_soc_top/u_e203_subsys_top/u_e203_subsys_main/u_e203_subsys_perips/u_perips_apb_uart2/uart_tx_fifo_i/buffer_reg_7__0_/D
u_e203_soc_top/u_e203_subsys_top/u_e203_subsys_main/u_e203_subsys_perips/u_perips_apb_uart2/uart_tx_fifo_i/buffer_reg_7__1_/D
u_e203_soc_top/u_e203_subsys_top/u_e203_subsys_main/u_e203_subsys_perips/u_perips_apb_uart2/uart_tx_fifo_i/buffer_reg_7__2_/D
u_e203_soc_top/u_e203_subsys_top/u_e203_subsys_main/u_e203_subsys_perips/u_perips_apb_uart2/uart_tx_fifo_i/buffer_reg_7__3_/D
u_e203_soc_top/u_e203_subsys_top/u_e203_subsys_main/u_e203_subsys_perips/u_perips_apb_uart2/uart_tx_fifo_i/buffer_reg_7__4_/D
u_e203_soc_top/u_e203_subsys_top/u_e203_subsys_main/u_e203_subsys_perips/u_perips_apb_uart2/uart_tx_fifo_i/buffer_reg_7__5_/D
u_e203_soc_top/u_e203_subsys_top/u_e203_subsys_main/u_e203_subsys_perips/u_perips_apb_uart2/uart_tx_fifo_i/buffer_reg_7__6_/D
u_e203_soc_top/u_e203_subsys_top/u_e203_subsys_main/u_e203_subsys_perips/u_perips_apb_uart2/uart_tx_fifo_i/buffer_reg_7__7_/D
u_e203_soc_top/u_e203_subsys_top/u_e203_subsys_main/u_e203_subsys_perips/u_perips_apb_uart2/uart_tx_fifo_i/buffer_reg_8__0_/D
u_e203_soc_top/u_e203_subsys_top/u_e203_subsys_main/u_e203_subsys_perips/u_perips_apb_uart2/uart_tx_fifo_i/buffer_reg_8__1_/D
u_e203_soc_top/u_e203_subsys_top/u_e203_subsys_main/u_e203_subsys_perips/u_perips_apb_uart2/uart_tx_fifo_i/buffer_reg_8__2_/D
u_e203_soc_top/u_e203_subsys_top/u_e203_subsys_main/u_e203_subsys_perips/u_perips_apb_uart2/uart_tx_fifo_i/buffer_reg_8__3_/D
u_e203_soc_top/u_e203_subsys_top/u_e203_subsys_main/u_e203_subsys_perips/u_perips_apb_uart2/uart_tx_fifo_i/buffer_reg_8__4_/D
u_e203_soc_top/u_e203_subsys_top/u_e203_subsys_main/u_e203_subsys_perips/u_perips_apb_uart2/uart_tx_fifo_i/buffer_reg_8__5_/D
u_e203_soc_top/u_e203_subsys_top/u_e203_subsys_main/u_e203_subsys_perips/u_perips_apb_uart2/uart_tx_fifo_i/buffer_reg_8__6_/D
u_e203_soc_top/u_e203_subsys_top/u_e203_subsys_main/u_e203_subsys_perips/u_perips_apb_uart2/uart_tx_fifo_i/buffer_reg_8__7_/D
u_e203_soc_top/u_e203_subsys_top/u_e203_subsys_main/u_e203_subsys_perips/u_perips_apb_uart2/uart_tx_fifo_i/buffer_reg_9__0_/D
u_e203_soc_top/u_e203_subsys_top/u_e203_subsys_main/u_e203_subsys_perips/u_perips_apb_uart2/uart_tx_fifo_i/buffer_reg_9__1_/D
u_e203_soc_top/u_e203_subsys_top/u_e203_subsys_main/u_e203_subsys_perips/u_perips_apb_uart2/uart_tx_fifo_i/buffer_reg_9__2_/D
u_e203_soc_top/u_e203_subsys_top/u_e203_subsys_main/u_e203_subsys_perips/u_perips_apb_uart2/uart_tx_fifo_i/buffer_reg_9__3_/D
u_e203_soc_top/u_e203_subsys_top/u_e203_subsys_main/u_e203_subsys_perips/u_perips_apb_uart2/uart_tx_fifo_i/buffer_reg_9__4_/D
u_e203_soc_top/u_e203_subsys_top/u_e203_subsys_main/u_e203_subsys_perips/u_perips_apb_uart2/uart_tx_fifo_i/buffer_reg_9__5_/D
u_e203_soc_top/u_e203_subsys_top/u_e203_subsys_main/u_e203_subsys_perips/u_perips_apb_uart2/uart_tx_fifo_i/buffer_reg_9__6_/D
u_e203_soc_top/u_e203_subsys_top/u_e203_subsys_main/u_e203_subsys_perips/u_perips_apb_uart2/uart_tx_fifo_i/buffer_reg_9__7_/D
u_e203_soc_top/u_e203_subsys_top/u_e203_subsys_main/u_e203_subsys_perips/u_perips_apb_uart2/uart_tx_fifo_i/buffer_reg_10__0_/D
u_e203_soc_top/u_e203_subsys_top/u_e203_subsys_main/u_e203_subsys_perips/u_perips_apb_uart2/uart_tx_fifo_i/buffer_reg_10__1_/D
u_e203_soc_top/u_e203_subsys_top/u_e203_subsys_main/u_e203_subsys_perips/u_perips_apb_uart2/uart_tx_fifo_i/buffer_reg_10__2_/D
u_e203_soc_top/u_e203_subsys_top/u_e203_subsys_main/u_e203_subsys_perips/u_perips_apb_uart2/uart_tx_fifo_i/buffer_reg_10__3_/D
u_e203_soc_top/u_e203_subsys_top/u_e203_subsys_main/u_e203_subsys_perips/u_perips_apb_uart2/uart_tx_fifo_i/buffer_reg_10__4_/D
u_e203_soc_top/u_e203_subsys_top/u_e203_subsys_main/u_e203_subsys_perips/u_perips_apb_uart2/uart_tx_fifo_i/buffer_reg_10__5_/D
u_e203_soc_top/u_e203_subsys_top/u_e203_subsys_main/u_e203_subsys_perips/u_perips_apb_uart2/uart_tx_fifo_i/buffer_reg_10__6_/D
u_e203_soc_top/u_e203_subsys_top/u_e203_subsys_main/u_e203_subsys_perips/u_perips_apb_uart2/uart_tx_fifo_i/buffer_reg_10__7_/D
u_e203_soc_top/u_e203_subsys_top/u_e203_subsys_main/u_e203_subsys_perips/u_perips_apb_uart2/uart_tx_fifo_i/buffer_reg_11__0_/D
u_e203_soc_top/u_e203_subsys_top/u_e203_subsys_main/u_e203_subsys_perips/u_perips_apb_uart2/uart_tx_fifo_i/buffer_reg_11__1_/D
u_e203_soc_top/u_e203_subsys_top/u_e203_subsys_main/u_e203_subsys_perips/u_perips_apb_uart2/uart_tx_fifo_i/buffer_reg_11__2_/D
u_e203_soc_top/u_e203_subsys_top/u_e203_subsys_main/u_e203_subsys_perips/u_perips_apb_uart2/uart_tx_fifo_i/buffer_reg_11__3_/D
u_e203_soc_top/u_e203_subsys_top/u_e203_subsys_main/u_e203_subsys_perips/u_perips_apb_uart2/uart_tx_fifo_i/buffer_reg_11__4_/D
u_e203_soc_top/u_e203_subsys_top/u_e203_subsys_main/u_e203_subsys_perips/u_perips_apb_uart2/uart_tx_fifo_i/buffer_reg_11__5_/D
u_e203_soc_top/u_e203_subsys_top/u_e203_subsys_main/u_e203_subsys_perips/u_perips_apb_uart2/uart_tx_fifo_i/buffer_reg_11__6_/D
u_e203_soc_top/u_e203_subsys_top/u_e203_subsys_main/u_e203_subsys_perips/u_perips_apb_uart2/uart_tx_fifo_i/buffer_reg_11__7_/D
u_e203_soc_top/u_e203_subsys_top/u_e203_subsys_main/u_e203_subsys_perips/u_perips_apb_uart2/uart_tx_fifo_i/buffer_reg_12__0_/D
u_e203_soc_top/u_e203_subsys_top/u_e203_subsys_main/u_e203_subsys_perips/u_perips_apb_uart2/uart_tx_fifo_i/buffer_reg_12__1_/D
u_e203_soc_top/u_e203_subsys_top/u_e203_subsys_main/u_e203_subsys_perips/u_perips_apb_uart2/uart_tx_fifo_i/buffer_reg_12__2_/D
u_e203_soc_top/u_e203_subsys_top/u_e203_subsys_main/u_e203_subsys_perips/u_perips_apb_uart2/uart_tx_fifo_i/buffer_reg_12__3_/D
u_e203_soc_top/u_e203_subsys_top/u_e203_subsys_main/u_e203_subsys_perips/u_perips_apb_uart2/uart_tx_fifo_i/buffer_reg_12__4_/D
u_e203_soc_top/u_e203_subsys_top/u_e203_subsys_main/u_e203_subsys_perips/u_perips_apb_uart2/uart_tx_fifo_i/buffer_reg_12__5_/D
u_e203_soc_top/u_e203_subsys_top/u_e203_subsys_main/u_e203_subsys_perips/u_perips_apb_uart2/uart_tx_fifo_i/buffer_reg_12__6_/D
u_e203_soc_top/u_e203_subsys_top/u_e203_subsys_main/u_e203_subsys_perips/u_perips_apb_uart2/uart_tx_fifo_i/buffer_reg_12__7_/D
u_e203_soc_top/u_e203_subsys_top/u_e203_subsys_main/u_e203_subsys_perips/u_perips_apb_uart2/uart_tx_fifo_i/buffer_reg_13__0_/D
u_e203_soc_top/u_e203_subsys_top/u_e203_subsys_main/u_e203_subsys_perips/u_perips_apb_uart2/uart_tx_fifo_i/buffer_reg_13__1_/D
u_e203_soc_top/u_e203_subsys_top/u_e203_subsys_main/u_e203_subsys_perips/u_perips_apb_uart2/uart_tx_fifo_i/buffer_reg_13__2_/D
u_e203_soc_top/u_e203_subsys_top/u_e203_subsys_main/u_e203_subsys_perips/u_perips_apb_uart2/uart_tx_fifo_i/buffer_reg_13__3_/D
u_e203_soc_top/u_e203_subsys_top/u_e203_subsys_main/u_e203_subsys_perips/u_perips_apb_uart2/uart_tx_fifo_i/buffer_reg_13__4_/D
u_e203_soc_top/u_e203_subsys_top/u_e203_subsys_main/u_e203_subsys_perips/u_perips_apb_uart2/uart_tx_fifo_i/buffer_reg_13__5_/D
u_e203_soc_top/u_e203_subsys_top/u_e203_subsys_main/u_e203_subsys_perips/u_perips_apb_uart2/uart_tx_fifo_i/buffer_reg_13__6_/D
u_e203_soc_top/u_e203_subsys_top/u_e203_subsys_main/u_e203_subsys_perips/u_perips_apb_uart2/uart_tx_fifo_i/buffer_reg_13__7_/D
u_e203_soc_top/u_e203_subsys_top/u_e203_subsys_main/u_e203_subsys_perips/u_perips_apb_uart2/uart_tx_fifo_i/buffer_reg_14__0_/D
u_e203_soc_top/u_e203_subsys_top/u_e203_subsys_main/u_e203_subsys_perips/u_perips_apb_uart2/uart_tx_fifo_i/buffer_reg_14__1_/D
u_e203_soc_top/u_e203_subsys_top/u_e203_subsys_main/u_e203_subsys_perips/u_perips_apb_uart2/uart_tx_fifo_i/buffer_reg_14__2_/D
u_e203_soc_top/u_e203_subsys_top/u_e203_subsys_main/u_e203_subsys_perips/u_perips_apb_uart2/uart_tx_fifo_i/buffer_reg_14__3_/D
u_e203_soc_top/u_e203_subsys_top/u_e203_subsys_main/u_e203_subsys_perips/u_perips_apb_uart2/uart_tx_fifo_i/buffer_reg_14__4_/D
u_e203_soc_top/u_e203_subsys_top/u_e203_subsys_main/u_e203_subsys_perips/u_perips_apb_uart2/uart_tx_fifo_i/buffer_reg_14__5_/D
u_e203_soc_top/u_e203_subsys_top/u_e203_subsys_main/u_e203_subsys_perips/u_perips_apb_uart2/uart_tx_fifo_i/buffer_reg_14__6_/D
u_e203_soc_top/u_e203_subsys_top/u_e203_subsys_main/u_e203_subsys_perips/u_perips_apb_uart2/uart_tx_fifo_i/buffer_reg_14__7_/D
u_e203_soc_top/u_e203_subsys_top/u_e203_subsys_main/u_e203_subsys_perips/u_perips_apb_uart2/uart_tx_fifo_i/buffer_reg_15__0_/D
u_e203_soc_top/u_e203_subsys_top/u_e203_subsys_main/u_e203_subsys_perips/u_perips_apb_uart2/uart_tx_fifo_i/buffer_reg_15__1_/D
u_e203_soc_top/u_e203_subsys_top/u_e203_subsys_main/u_e203_subsys_perips/u_perips_apb_uart2/uart_tx_fifo_i/buffer_reg_15__2_/D
u_e203_soc_top/u_e203_subsys_top/u_e203_subsys_main/u_e203_subsys_perips/u_perips_apb_uart2/uart_tx_fifo_i/buffer_reg_15__3_/D
u_e203_soc_top/u_e203_subsys_top/u_e203_subsys_main/u_e203_subsys_perips/u_perips_apb_uart2/uart_tx_fifo_i/buffer_reg_15__4_/D
u_e203_soc_top/u_e203_subsys_top/u_e203_subsys_main/u_e203_subsys_perips/u_perips_apb_uart2/uart_tx_fifo_i/buffer_reg_15__5_/D
u_e203_soc_top/u_e203_subsys_top/u_e203_subsys_main/u_e203_subsys_perips/u_perips_apb_uart2/uart_tx_fifo_i/buffer_reg_15__6_/D
u_e203_soc_top/u_e203_subsys_top/u_e203_subsys_main/u_e203_subsys_perips/u_perips_apb_uart2/uart_tx_fifo_i/buffer_reg_15__7_/D

Information: Checking pulse_clock_cell_type...

Information: Checking no_driving_cell...

Information: Checking partial_input_delay...
1
